[
  {
    "id": 1,
    "hint": "chicken"
  },
  {
    "id": 5,
    "hint": "fire_flank"
  },
  {
    "id": 11,
    "hint": "chicken_night"
  }
]