[
  1,
  2,
  3,
  4,
  5,
  13,
  14,
  16,
  17,
  18,
  20,
  21,
  22,
  25,
  26,
  40,
  53,
  59,
  66,
  71,
  81,
  85,
  225,
  239,
  258,
  854,
  855,
  2041,
  2051,
  3855,
  3862,
  3863,
  3866,
  3867,
  3868,
  3869,
  3871,
  3873,
  3887,
  3890,
  3907,
  3946,
  3962,
  3964,
  4000,
  4005,
  4009,
  4012,
  4015,
  4060,
  4062,
  4067,
  4092,
  4712,
  5019,
  5022,
  5124,
  5208,
  5225
]