[
  {
    "id": 3487,
    "icon": "https://render.guildwars2.com/file/1B3B7103E5FFFEB4B94137CFEF6AC5A528AE1BA8/1730771.png",
    "name": "Master Storyteller",
    "description": "",
    "requirement": "Complete all the parables of the gods.",
    "locked_text": "",
    "type": "Default",
    "flags": [
      "RepairOnLogin",
      "Permanent"
    ],
    "bits": [
      {
        "type": "Text",
        "text": "Storyteller: Balthazar"
      },
      {
        "type": "Text",
        "text": "Storyteller: Dwayna"
      },
      {
        "type": "Text",
        "text": "Storyteller: Grenth"
      },
      {
        "type": "Text",
        "text": "Storyteller: Lyssa"
      },
      {
        "type": "Text",
        "text": "Storyteller: Melandru"
      }
    ],
    "tiers": [
      {
        "count": 5,
        "points": 5
      }
    ],
    "rewards": [
      {
        "type": "Mastery",
        "region": "Maguuma",
        "id": 326
      },
      {
        "type": "Title",
        "id": 274
      }
    ]
  },
  {
    "id": 2933,
    "name": "Chuka and Champawat IV: Secluded Tour",
    "description": "There must be somewhere in Tyria where tigers can live in peace.",
    "requirement": "",
    "locked_text": "",
    "type": "ItemSet",
    "flags": [
      "IgnoreNearlyComplete",
      "Pvp",
      "Hidden",
      "RepairOnLogin",
      "RequiresUnlock",
      "Permanent"
    ],
    "bits": [
      {
        "type": "Item",
        "id": 78410
      },
      {
        "type": "Item",
        "id": 78346
      },
      {
        "type": "Item",
        "id": 78114
      },
      {
        "type": "Item",
        "id": 78284
      },
      {
        "type": "Item",
        "id": 78439
      },
      {
        "type": "Item",
        "id": 78360
      },
      {
        "type": "Item",
        "id": 78703
      },
      {
        "type": "Item",
        "id": 78516
      },
      {
        "type": "Item",
        "id": 78366
      },
      {
        "type": "Item",
        "id": 78712
      }
    ],
    "tiers": [
      {
        "count": 1,
        "points": 0
      },
      {
        "count": 5,
        "points": 0
      },
      {
        "count": 10,
        "points": 0
      }
    ],
    "rewards": [
      {
        "type": "Item",
        "id": 78373,
        "count": 1
      }
    ]
  },
  {
    "id": 1573,
    "name": "Boss Blitz: Wallop Wiggin",
    "description": "",
    "requirement": "Defeat Wiggin the Wicked during a Boss Blitz event in the Crown Pavilion.",
    "locked_text": "",
    "type": "Default",
    "flags": [
      "Pvp",
      "Permanent"
    ],
    "tiers": [
      {
        "count": 1,
        "points": 1
      }
    ]
  }
]