[
  {
    "id": 1,
    "current": 62,
    "max": 1000,
    "done": false
  },
  {
    "id": 3,
    "current": 47,
    "max": 1000,
    "done": false
  },
  {
    "id": 5,
    "current": 67,
    "max": 1000,
    "done": false
  },
  {
    "id": 6,
    "current": 27,
    "max": 1000,
    "done": false
  },
  {
    "id": 7,
    "current": 34,
    "max": 1000,
    "done": false
  },
  {
    "id": 8,
    "current": 89,
    "max": 1000,
    "done": false
  },
  {
    "id": 9,
    "current": 41,
    "max": 5000,
    "done": false
  },
  {
    "id": 10,
    "current": 31663,
    "max": 2000000,
    "done": false
  },
  {
    "id": 11,
    "current": 63,
    "max": 1000,
    "done": false
  },
  {
    "id": 12,
    "bits": [
      45,
      46,
      47,
      48,
      49,
      50,
      51,
      52,
      53,
      54,
      55,
      56,
      57,
      58,
      59,
      60,
      61,
      62,
      63,
      64,
      65,
      66,
      67,
      68,
      69,
      70,
      71,
      96,
      98,
      99,
      101,
      102,
      103,
      104,
      105,
      108,
      109,
      110,
      111,
      114,
      117,
      118,
      119,
      120,
      121,
      153,
      154,
      155,
      157,
      158,
      159,
      161,
      162,
      163,
      164,
      165,
      166,
      167,
      168,
      169,
      170,
      171,
      172,
      174,
      175,
      176
    ],
    "current": 66,
    "max": 175,
    "done": false
  },
  {
    "id": 16,
    "current": 13,
    "max": 1000,
    "done": false
  },
  {
    "id": 18,
    "current": 64,
    "max": 5000,
    "done": false
  },
  {
    "id": 19,
    "current": 102,
    "max": 5000,
    "done": false
  },
  {
    "id": 21,
    "current": 183,
    "max": 5000,
    "done": false
  },
  {
    "id": 22,
    "current": 1,
    "max": 5000,
    "done": false
  },
  {
    "id": 23,
    "current": 10,
    "max": 1000,
    "done": false
  },
  {
    "id": 25,
    "current": 12,
    "max": 1000,
    "done": false
  },
  {
    "id": 26,
    "current": 5,
    "max": 1000,
    "done": false
  },
  {
    "id": 27,
    "current": 45,
    "max": 1000,
    "done": false
  },
  {
    "id": 28,
    "current": 30,
    "max": 1000,
    "done": false
  },
  {
    "id": 29,
    "current": 120,
    "max": 1000,
    "done": false
  },
  {
    "id": 31,
    "current": 1,
    "max": 1000,
    "done": false
  },
  {
    "id": 33,
    "current": 19,
    "max": 1000,
    "done": false
  },
  {
    "id": 34,
    "current": 7,
    "max": 1000,
    "done": false
  },
  {
    "id": 35,
    "current": 24,
    "max": 1000,
    "done": false
  },
  {
    "id": 36,
    "current": 2,
    "max": 1000,
    "done": false
  },
  {
    "id": 37,
    "current": 57,
    "max": 1000,
    "done": false
  },
  {
    "id": 38,
    "current": 29,
    "max": 1000,
    "done": false
  },
  {
    "id": 40,
    "current": 2,
    "max": 1000,
    "done": false
  },
  {
    "id": 41,
    "current": 4,
    "max": 1000,
    "done": false
  },
  {
    "id": 42,
    "current": 8,
    "max": 1000,
    "done": false
  },
  {
    "id": 44,
    "current": 35,
    "max": 1000,
    "done": false
  },
  {
    "id": 46,
    "current": 1,
    "max": 1000,
    "done": false
  },
  {
    "id": 47,
    "current": 11,
    "max": 1000,
    "done": false
  },
  {
    "id": 48,
    "current": 9,
    "max": 1000,
    "done": false
  },
  {
    "id": 49,
    "current": 15,
    "max": 1000,
    "done": false
  },
  {
    "id": 52,
    "current": 36,
    "max": 1000,
    "done": false
  },
  {
    "id": 53,
    "current": 13,
    "max": 1000,
    "done": false
  },
  {
    "id": 57,
    "current": 399,
    "max": 5000,
    "done": false
  },
  {
    "id": 85,
    "current": 6,
    "max": 400,
    "done": false
  },
  {
    "id": 87,
    "current": 38,
    "max": 400,
    "done": false
  },
  {
    "id": 100,
    "bits": [
      123,
      124,
      125,
      126,
      127,
      130,
      133,
      134,
      135,
      137,
      140
    ],
    "current": 11,
    "max": 175,
    "done": false
  },
  {
    "id": 101,
    "bits": [
      3,
      5,
      6,
      7,
      9,
      10,
      13,
      14,
      15,
      16,
      17,
      18,
      19,
      22,
      24,
      25,
      62,
      157,
      158,
      159,
      160,
      161,
      162,
      164,
      165,
      168,
      169,
      170,
      171,
      172,
      173,
      174,
      176,
      177,
      178,
      179,
      180,
      181,
      182
    ],
    "current": 39,
    "max": 177,
    "done": false
  },
  {
    "id": 102,
    "bits": [
      9,
      97,
      98,
      99,
      100,
      101,
      102,
      103,
      105,
      106,
      107,
      108,
      109,
      115,
      116,
      118,
      119,
      120,
      121,
      122,
      123,
      124,
      125,
      126,
      127,
      128,
      129,
      130,
      131,
      132,
      133,
      134,
      135,
      136,
      137,
      138,
      139,
      140,
      141,
      142,
      143,
      144,
      145,
      146,
      147,
      148,
      149,
      150,
      151,
      152,
      154,
      155,
      156,
      157,
      158,
      159,
      160,
      161,
      162,
      163,
      164,
      165,
      166,
      167,
      168
    ],
    "current": 65,
    "max": 167,
    "done": false
  },
  {
    "id": 127,
    "current": 84,
    "max": 500,
    "done": false
  },
  {
    "id": 128,
    "current": 1,
    "max": 100,
    "done": false
  },
  {
    "id": 134,
    "current": 46,
    "max": 500,
    "done": false
  },
  {
    "id": 136,
    "current": 28,
    "max": 1000,
    "done": false
  },
  {
    "id": 137,
    "current": 10,
    "max": 100,
    "done": false
  },
  {
    "id": 139,
    "current": 18546,
    "max": 500000,
    "done": false
  },
  {
    "id": 140,
    "current": 15,
    "max": 500,
    "done": false
  },
  {
    "id": 143,
    "current": 1,
    "max": 1,
    "done": true
  },
  {
    "id": 152,
    "current": 0,
    "max": 0,
    "done": true
  },
  {
    "id": 153,
    "current": 6227,
    "max": 300000,
    "done": false
  },
  {
    "id": 247,
    "current": 862,
    "max": 8500,
    "done": false
  },
  {
    "id": 1567,
    "current": 59,
    "max": 1000,
    "done": false
  },
  {
    "id": 1730,
    "bits": [
      0,
      3,
      6,
      9,
      15,
      18,
      21,
      24,
      27,
      30,
      33,
      36,
      39,
      42,
      45
    ],
    "current": 15,
    "max": 51,
    "done": false
  },
  {
    "id": 1750,
    "bits": [
      0,
      2,
      15
    ],
    "current": 3,
    "max": 36,
    "done": false
  },
  {
    "id": 2548,
    "bits": [
      0
    ],
    "current": 1,
    "max": 4,
    "done": false
  },
  {
    "id": 2740,
    "current": 1,
    "max": 1,
    "done": true
  },
  {
    "id": 2999,
    "bits": [
      0
    ],
    "current": 1,
    "max": 5,
    "done": false
  },
  {
    "id": 3015,
    "bits": [
      6,
      7,
      8,
      11
    ],
    "current": 4,
    "max": 20,
    "done": false
  },
  {
    "id": 3295,
    "current": 1,
    "max": 50,
    "done": false
  }
]