[
  {
    "id": 1,
    "value": 13275
  },
  {
    "id": 2,
    "value": 12323
  },
  {
    "id": 3,
    "value": 1
  },
  {
    "id": 4,
    "value": 0
  },
  {
    "id": 18,
    "value": 1
  }
]