[
  {
    "id": 19,
    "hint": "thief"
  },
  {
    "id": 16,
    "hint": "elementalist"
  },
  {
    "id": 4,
    "hint": "spicier_flank"
  }
]