{
  "coins": 92,
  "items": [
    {
      "id": 49424,
      "count": 3
    }
  ]
}