{
  "bags": [
    {
      "id": 8932,
      "size": 20,
      "inventory": [
        {
          "id": 19552,
          "count": 10,
          "binding": "Character",
          "bound_to": "Eff Testing Ele"
        },
        {
          "id": 8941,
          "count": 1,
          "binding": "Account"
        },
        {
          "id": 19543,
          "count": 2,
          "binding": "Character",
          "bound_to": "Eff Testing Ele"
        },
        {
          "id": 32132,
          "count": 1,
          "binding": "Character",
          "bound_to": "Eff Testing Ele"
        },
        {
          "id": 19561,
          "count": 1,
          "binding": "Character",
          "bound_to": "Eff Testing Ele"
        },
        {
          "id": 24255,
          "count": 3,
          "binding": "Character",
          "bound_to": "Eff Testing Ele"
        },
        {
          "id": 26155,
          "count": 1,
          "upgrades": [
            24464
          ],
          "binding": "Account"
        },
        {
          "id": 9318,
          "count": 1
        },
        {
          "id": 9326,
          "count": 3
        },
        {
          "id": 68117,
          "count": 1,
          "binding": "Account"
        },
        {
          "id": 65601,
          "count": 2,
          "binding": "Account"
        },
        null,
        {
          "id": 23038,
          "count": 1,
          "charges": 5,
          "binding": "Account"
        },
        {
          "id": 45176,
          "count": 1,
          "binding": "Account"
        },
        {
          "id": 6469,
          "count": 1,
          "binding": "Character",
          "bound_to": "Eff Testing Ele"
        },
        null,
        null,
        {
          "id": 19613,
          "count": 13,
          "binding": "Character",
          "bound_to": "Eff Testing Ele"
        },
        {
          "id": 6464,
          "count": 1,
          "dyes": [
            376,
            111,
            109,
            1
          ],
          "binding": "Character",
          "bound_to": "Eff Testing Ele"
        },
        null
      ]
    },
    {
      "id": 8941,
      "size": 4,
      "inventory": [
        {
          "id": 64671,
          "count": 1,
          "binding": "Character",
          "bound_to": "Eff Testing Ele"
        },
        null,
        {
          "id": 20316,
          "count": 1
        },
        {
          "id": 6467,
          "count": 1,
          "dyes": [
            376,
            109,
            376,
            1
          ],
          "binding": "Character",
          "bound_to": "Eff Testing Ele"
        }
      ]
    },
    {
      "id": 8941,
      "size": 4,
      "inventory": [
        {
          "id": 19526,
          "count": 1,
          "binding": "Character",
          "bound_to": "Eff Testing Ele"
        },
        {
          "id": 19529,
          "count": 6,
          "binding": "Character",
          "bound_to": "Eff Testing Ele"
        },
        null,
        {
          "id": 33345,
          "count": 1
        }
      ]
    }
  ]
}