{
  "skills": {
    "pve": {
      "heal": 5569,
      "utilities": [
        5734,
        null,
        null
      ],
      "elite": null
    },
    "pvp": {
      "heal": 5503,
      "utilities": [
        5536,
        5539,
        5641
      ],
      "elite": 5516
    },
    "wvw": {
      "heal": 5503,
      "utilities": [
        5734,
        null,
        null
      ],
      "elite": null
    }
  }
}