{
  "specializations": {
    "pve": [
      null,
      null,
      null
    ],
    "pvp": [
      {
        "id": 41,
        "traits": [
          224,
          214,
          1503
        ]
      },
      {
        "id": 17,
        "traits": [
          348,
          349,
          362
        ]
      },
      {
        "id": 37,
        "traits": [
          266,
          257,
          263
        ]
      }
    ],
    "wvw": [
      null,
      null,
      null
    ]
  }
}