[
  {
    "id": 4492442263,
    "item_id": 49424,
    "price": 85,
    "quantity": 3,
    "created": "2017-09-30T20:58:16+00:00",
    "purchased": "2017-09-30T20:58:36+00:00"
  },
  {
    "id": 4492434960,
    "item_id": 14939,
    "price": 1787,
    "quantity": 2,
    "created": "2017-09-27T23:38:47+00:00",
    "purchased": "2017-09-30T20:55:35+00:00"
  },
  {
    "id": 4492434676,
    "item_id": 14989,
    "price": 2885,
    "quantity": 1,
    "created": "2017-09-30T20:55:28+00:00",
    "purchased": "2017-09-30T20:55:28+00:00"
  },
  {
    "id": 4492431727,
    "item_id": 13277,
    "price": 1506,
    "quantity": 2,
    "created": "2017-09-30T20:41:19+00:00",
    "purchased": "2017-09-30T20:54:18+00:00"
  },
  {
    "id": 4492431558,
    "item_id": 13275,
    "price": 1074,
    "quantity": 2,
    "created": "2017-09-30T20:54:13+00:00",
    "purchased": "2017-09-30T20:54:13+00:00"
  },
  {
    "id": 4492428670,
    "item_id": 10274,
    "price": 250,
    "quantity": 1,
    "created": "2017-09-30T20:53:01+00:00",
    "purchased": "2017-09-30T20:53:01+00:00"
  },
  {
    "id": 4492428523,
    "item_id": 10268,
    "price": 185,
    "quantity": 1,
    "created": "2017-09-30T20:52:57+00:00",
    "purchased": "2017-09-30T20:52:57+00:00"
  },
  {
    "id": 4488311525,
    "item_id": 9414,
    "price": 3997,
    "quantity": 2,
    "created": "2017-09-29T03:03:53+00:00",
    "purchased": "2017-09-29T03:03:53+00:00"
  },
  {
    "id": 4488306161,
    "item_id": 24278,
    "price": 5,
    "quantity": 25,
    "created": "2017-09-29T02:53:42+00:00",
    "purchased": "2017-09-29T03:00:02+00:00"
  },
  {
    "id": 4488305866,
    "item_id": 12238,
    "price": 4,
    "quantity": 2,
    "created": "2017-09-29T02:54:38+00:00",
    "purchased": "2017-09-29T02:59:50+00:00"
  },
  {
    "id": 4488305865,
    "item_id": 12238,
    "price": 5,
    "quantity": 23,
    "created": "2017-09-29T02:42:36+00:00",
    "purchased": "2017-09-29T02:59:50+00:00"
  },
  {
    "id": 4488305398,
    "item_id": 36076,
    "price": 2,
    "quantity": 50,
    "created": "2017-09-29T02:13:15+00:00",
    "purchased": "2017-09-29T02:59:32+00:00"
  }
]