[
  {
    "id": 1044,
    "time": "STRIPPED",
    "type": "motd",
    "user": "efficiencytesting.3518",
    "motd": "cooler dove honour dolphin messy yacht wisteria utopia ramadan foment"
  },
  {
    "id": 1042,
    "time": "STRIPPED",
    "type": "motd",
    "user": "efficiencytesting.3518",
    "motd": "tapir chop barley start onion misrule punditry"
  },
  {
    "id": 969,
    "time": "STRIPPED",
    "type": "rank_change",
    "user": "efficiencytesting.3518",
    "old_rank": "none",
    "new_rank": "leader"
  }
]