[
  {
    "id": "A3DC3860-73BB-4B6B-A99B-F5F47A76E470",
    "map_id": 1011,
    "started": "2017-10-02T21:24:06.990Z",
    "ended": "2017-10-02T21:33:38.990Z",
    "result": "Defeat",
    "team": "Blue",
    "profession": "Warrior",
    "rating_type": "None",
    "scores": {
      "red": 530,
      "blue": 5
    }
  },
  {
    "id": "C27A2C25-4BA8-48A4-8597-791A4071B165",
    "map_id": 900,
    "started": "2017-10-02T21:09:58.935Z",
    "ended": "2017-10-02T21:24:58.935Z",
    "result": "Defeat",
    "team": "Red",
    "profession": "Elementalist",
    "rating_type": "None",
    "scores": {
      "red": 86,
      "blue": 396
    }
  }
]