[
  {
    "name": "Indominus Victory",
    "id": "849F3DF9-5218-E511-A5A9-AC162DAE5A05",
    "team": "Deez Nuts Got Eem",
    "team_id": 1,
    "rank": 1,
    "date": "2016-07-10T06:27:04Z",
    "scores": [
      {
        "id": "16F74226-5DDF-4FE7-ADC5-72A49DA30572",
        "value": 1547
      },
      {
        "id": "9A9CB2FD-7D73-4DFE-8FDD-A97A9C7C0B0C",
        "value": 51
      },
      {
        "id": "9064DD25-2C75-48D6-88C9-7FAD18DC784D",
        "value": 29
      }
    ]
  },
  {
    "name": "Mk Community",
    "id": "7B332051-9419-E611-80D4-E4115BDFF975",
    "team": "Mk Master",
    "team_id": 1,
    "rank": 2,
    "date": "2016-07-10T11:38:41Z",
    "scores": [
      {
        "id": "16F74226-5DDF-4FE7-ADC5-72A49DA30572",
        "value": 1478
      },
      {
        "id": "9A9CB2FD-7D73-4DFE-8FDD-A97A9C7C0B0C",
        "value": 54
      },
      {
        "id": "9064DD25-2C75-48D6-88C9-7FAD18DC784D",
        "value": 23
      }
    ]
  },
  {
    "name": "Indominus Victory",
    "id": "849F3DF9-5218-E511-A5A9-AC162DAE5A05",
    "team": "Good Game Way Point",
    "team_id": 5,
    "rank": 3,
    "date": "2016-07-11T00:00:04Z",
    "scores": [
      {
        "id": "16F74226-5DDF-4FE7-ADC5-72A49DA30572",
        "value": 1445
      },
      {
        "id": "9A9CB2FD-7D73-4DFE-8FDD-A97A9C7C0B0C",
        "value": 13
      },
      {
        "id": "9064DD25-2C75-48D6-88C9-7FAD18DC784D",
        "value": 7
      }
    ]
  },
  {
    "name": "Asian Pro League",
    "id": "5FD33E43-D701-E611-80D4-E4115BD058A1",
    "team": "Too Sugoi To Downstate",
    "team_id": 9,
    "rank": 4,
    "date": "2016-07-11T00:00:05Z",
    "scores": [
      {
        "id": "16F74226-5DDF-4FE7-ADC5-72A49DA30572",
        "value": 1412
      },
      {
        "id": "9A9CB2FD-7D73-4DFE-8FDD-A97A9C7C0B0C",
        "value": 6
      },
      {
        "id": "9064DD25-2C75-48D6-88C9-7FAD18DC784D",
        "value": 0
      }
    ]
  },
  {
    "name": "Wank Bank",
    "id": "D05D7EE5-05C9-E311-A8E7-AC162DAE5A05",
    "team": "Wank Bank",
    "team_id": 1,
    "rank": 5,
    "date": "2016-07-10T08:57:42Z",
    "scores": [
      {
        "id": "16F74226-5DDF-4FE7-ADC5-72A49DA30572",
        "value": 1406
      },
      {
        "id": "9A9CB2FD-7D73-4DFE-8FDD-A97A9C7C0B0C",
        "value": 20
      },
      {
        "id": "9064DD25-2C75-48D6-88C9-7FAD18DC784D",
        "value": 5
      }
    ]
  },
  {
    "name": "Clockwork Crew",
    "id": "8E1E3E4B-13D4-E411-A8E7-AC162DAE5A05",
    "team": "Heavy Hitters",
    "team_id": 9,
    "rank": 6,
    "date": "2016-07-10T00:00:04Z",
    "scores": [
      {
        "id": "16F74226-5DDF-4FE7-ADC5-72A49DA30572",
        "value": 1405
      },
      {
        "id": "9A9CB2FD-7D73-4DFE-8FDD-A97A9C7C0B0C",
        "value": 14
      },
      {
        "id": "9064DD25-2C75-48D6-88C9-7FAD18DC784D",
        "value": 5
      }
    ]
  },
  {
    "name": "Diamonds And Dragons",
    "id": "F4010A46-8B16-E411-9621-AC162DAE8ACD",
    "rank": 7,
    "date": "2016-07-11T08:10:22Z",
    "scores": [
      {
        "id": "16F74226-5DDF-4FE7-ADC5-72A49DA30572",
        "value": 1398
      },
      {
        "id": "9A9CB2FD-7D73-4DFE-8FDD-A97A9C7C0B0C",
        "value": 10
      },
      {
        "id": "9064DD25-2C75-48D6-88C9-7FAD18DC784D",
        "value": 0
      }
    ]
  },
  {
    "name": "Timekeepers",
    "id": "57DD320F-8AEE-48A3-8E27-3CB62638B217",
    "team": "Time To Waste",
    "team_id": 20,
    "rank": 8,
    "date": "2016-07-11T07:55:17Z",
    "scores": [
      {
        "id": "16F74226-5DDF-4FE7-ADC5-72A49DA30572",
        "value": 1386
      },
      {
        "id": "9A9CB2FD-7D73-4DFE-8FDD-A97A9C7C0B0C",
        "value": 6
      },
      {
        "id": "9064DD25-2C75-48D6-88C9-7FAD18DC784D",
        "value": 0
      }
    ]
  },
  {
    "name": "Asian Pro League",
    "id": "5FD33E43-D701-E611-80D4-E4115BD058A1",
    "rank": 9,
    "date": "2016-07-11T00:00:04Z",
    "scores": [
      {
        "id": "16F74226-5DDF-4FE7-ADC5-72A49DA30572",
        "value": 1378
      },
      {
        "id": "9A9CB2FD-7D73-4DFE-8FDD-A97A9C7C0B0C",
        "value": 4
      },
      {
        "id": "9064DD25-2C75-48D6-88C9-7FAD18DC784D",
        "value": 1
      }
    ]
  },
  {
    "name": "Thé Légacy",
    "id": "930B62D2-F1D3-E311-8290-AC162DAE0BED",
    "rank": 10,
    "date": "2016-07-10T02:03:32Z",
    "scores": [
      {
        "id": "16F74226-5DDF-4FE7-ADC5-72A49DA30572",
        "value": 1371
      },
      {
        "id": "9A9CB2FD-7D73-4DFE-8FDD-A97A9C7C0B0C",
        "value": 8
      },
      {
        "id": "9064DD25-2C75-48D6-88C9-7FAD18DC784D",
        "value": 3
      }
    ]
  },
  {
    "name": "Press One",
    "id": "2EDB5DEF-535E-E411-A8E7-AC162DAE5A05",
    "team": "Prs Wun",
    "team_id": 4,
    "rank": 11,
    "date": "2016-07-11T17:13:30Z",
    "scores": [
      {
        "id": "16F74226-5DDF-4FE7-ADC5-72A49DA30572",
        "value": 1371
      },
      {
        "id": "9A9CB2FD-7D73-4DFE-8FDD-A97A9C7C0B0C",
        "value": 5
      },
      {
        "id": "9064DD25-2C75-48D6-88C9-7FAD18DC784D",
        "value": 1
      }
    ]
  },
  {
    "name": "Diamonds And Dragons",
    "id": "F4010A46-8B16-E411-9621-AC162DAE8ACD",
    "rank": 12,
    "date": "2016-07-11T11:12:57Z",
    "scores": [
      {
        "id": "16F74226-5DDF-4FE7-ADC5-72A49DA30572",
        "value": 1368
      },
      {
        "id": "9A9CB2FD-7D73-4DFE-8FDD-A97A9C7C0B0C",
        "value": 4
      },
      {
        "id": "9064DD25-2C75-48D6-88C9-7FAD18DC784D",
        "value": 0
      }
    ]
  },
  {
    "name": "Diamonds And Dragons",
    "id": "F4010A46-8B16-E411-9621-AC162DAE8ACD",
    "rank": 13,
    "date": "2016-07-11T11:32:27Z",
    "scores": [
      {
        "id": "16F74226-5DDF-4FE7-ADC5-72A49DA30572",
        "value": 1367
      },
      {
        "id": "9A9CB2FD-7D73-4DFE-8FDD-A97A9C7C0B0C",
        "value": 4
      },
      {
        "id": "9064DD25-2C75-48D6-88C9-7FAD18DC784D",
        "value": 0
      }
    ]
  },
  {
    "name": "Diamonds And Dragons",
    "id": "F4010A46-8B16-E411-9621-AC162DAE8ACD",
    "team": "Quaggan Trouble",
    "team_id": 41,
    "rank": 13,
    "date": "2016-07-11T12:26:48Z",
    "scores": [
      {
        "id": "16F74226-5DDF-4FE7-ADC5-72A49DA30572",
        "value": 1367
      },
      {
        "id": "9A9CB2FD-7D73-4DFE-8FDD-A97A9C7C0B0C",
        "value": 4
      },
      {
        "id": "9064DD25-2C75-48D6-88C9-7FAD18DC784D",
        "value": 0
      }
    ]
  },
  {
    "name": "Diamonds And Dragons",
    "id": "F4010A46-8B16-E411-9621-AC162DAE8ACD",
    "rank": 15,
    "date": "2016-07-11T12:01:15Z",
    "scores": [
      {
        "id": "16F74226-5DDF-4FE7-ADC5-72A49DA30572",
        "value": 1366
      },
      {
        "id": "9A9CB2FD-7D73-4DFE-8FDD-A97A9C7C0B0C",
        "value": 4
      },
      {
        "id": "9064DD25-2C75-48D6-88C9-7FAD18DC784D",
        "value": 0
      }
    ]
  },
  {
    "name": "Diamonds And Dragons",
    "id": "F4010A46-8B16-E411-9621-AC162DAE8ACD",
    "rank": 16,
    "date": "2016-07-11T12:49:07Z",
    "scores": [
      {
        "id": "16F74226-5DDF-4FE7-ADC5-72A49DA30572",
        "value": 1365
      },
      {
        "id": "9A9CB2FD-7D73-4DFE-8FDD-A97A9C7C0B0C",
        "value": 4
      },
      {
        "id": "9064DD25-2C75-48D6-88C9-7FAD18DC784D",
        "value": 0
      }
    ]
  },
  {
    "name": "Diamonds And Dragons",
    "id": "F4010A46-8B16-E411-9621-AC162DAE8ACD",
    "team": "Alts R Us",
    "team_id": 37,
    "rank": 17,
    "date": "2016-07-11T13:08:46Z",
    "scores": [
      {
        "id": "16F74226-5DDF-4FE7-ADC5-72A49DA30572",
        "value": 1364
      },
      {
        "id": "9A9CB2FD-7D73-4DFE-8FDD-A97A9C7C0B0C",
        "value": 4
      },
      {
        "id": "9064DD25-2C75-48D6-88C9-7FAD18DC784D",
        "value": 0
      }
    ]
  },
  {
    "name": "Diamonds And Dragons",
    "id": "F4010A46-8B16-E411-9621-AC162DAE8ACD",
    "team": "Side Control",
    "team_id": 36,
    "rank": 18,
    "date": "2016-07-11T09:34:26Z",
    "scores": [
      {
        "id": "16F74226-5DDF-4FE7-ADC5-72A49DA30572",
        "value": 1364
      },
      {
        "id": "9A9CB2FD-7D73-4DFE-8FDD-A97A9C7C0B0C",
        "value": 3
      },
      {
        "id": "9064DD25-2C75-48D6-88C9-7FAD18DC784D",
        "value": 0
      }
    ]
  },
  {
    "name": "Diamonds And Dragons",
    "id": "F4010A46-8B16-E411-9621-AC162DAE8ACD",
    "rank": 19,
    "date": "2016-07-11T10:45:30Z",
    "scores": [
      {
        "id": "16F74226-5DDF-4FE7-ADC5-72A49DA30572",
        "value": 1363
      },
      {
        "id": "9A9CB2FD-7D73-4DFE-8FDD-A97A9C7C0B0C",
        "value": 4
      },
      {
        "id": "9064DD25-2C75-48D6-88C9-7FAD18DC784D",
        "value": 0
      }
    ]
  },
  {
    "name": "Asian Pro League",
    "id": "5FD33E43-D701-E611-80D4-E4115BD058A1",
    "team": "Six Weeks Ban Boiz",
    "team_id": 20,
    "rank": 20,
    "date": "2016-07-10T21:59:53Z",
    "scores": [
      {
        "id": "16F74226-5DDF-4FE7-ADC5-72A49DA30572",
        "value": 1362
      },
      {
        "id": "9A9CB2FD-7D73-4DFE-8FDD-A97A9C7C0B0C",
        "value": 2
      },
      {
        "id": "9064DD25-2C75-48D6-88C9-7FAD18DC784D",
        "value": 0
      }
    ]
  },
  {
    "name": "Diamonds And Dragons",
    "id": "F4010A46-8B16-E411-9621-AC162DAE8ACD",
    "team": "The Strong Hold",
    "team_id": 38,
    "rank": 21,
    "date": "2016-07-11T14:12:41Z",
    "scores": [
      {
        "id": "16F74226-5DDF-4FE7-ADC5-72A49DA30572",
        "value": 1360
      },
      {
        "id": "9A9CB2FD-7D73-4DFE-8FDD-A97A9C7C0B0C",
        "value": 24
      },
      {
        "id": "9064DD25-2C75-48D6-88C9-7FAD18DC784D",
        "value": 1
      }
    ]
  },
  {
    "name": "The Eternal Blades Of The North",
    "id": "6190CC9E-2A5A-4AE4-89D7-53EC19439758",
    "team": "Team Super Ninja Death Unicorn",
    "team_id": 4,
    "rank": 22,
    "date": "2016-07-10T01:43:43Z",
    "scores": [
      {
        "id": "16F74226-5DDF-4FE7-ADC5-72A49DA30572",
        "value": 1356
      },
      {
        "id": "9A9CB2FD-7D73-4DFE-8FDD-A97A9C7C0B0C",
        "value": 3
      },
      {
        "id": "9064DD25-2C75-48D6-88C9-7FAD18DC784D",
        "value": 1
      }
    ]
  },
  {
    "name": "End The Streak",
    "id": "A98B961D-4CDF-E511-80D3-E4115BD7186D",
    "team": "Plebs Need Pips",
    "team_id": 16,
    "rank": 23,
    "date": "2016-07-09T08:54:36Z",
    "scores": [
      {
        "id": "16F74226-5DDF-4FE7-ADC5-72A49DA30572",
        "value": 1354
      },
      {
        "id": "9A9CB2FD-7D73-4DFE-8FDD-A97A9C7C0B0C",
        "value": 3
      },
      {
        "id": "9064DD25-2C75-48D6-88C9-7FAD18DC784D",
        "value": 0
      }
    ]
  },
  {
    "name": "Skirmishers Anonymous",
    "id": "751690A6-D573-E511-A343-AC162DAE0BED",
    "team": "S A S",
    "team_id": 5,
    "rank": 24,
    "date": "2016-07-10T00:33:55Z",
    "scores": [
      {
        "id": "16F74226-5DDF-4FE7-ADC5-72A49DA30572",
        "value": 1349
      },
      {
        "id": "9A9CB2FD-7D73-4DFE-8FDD-A97A9C7C0B0C",
        "value": 2
      },
      {
        "id": "9064DD25-2C75-48D6-88C9-7FAD18DC784D",
        "value": 0
      }
    ]
  },
  {
    "name": "Edit Conflict",
    "id": "116E0C0E-0035-44A9-BB22-4AE3E23127E5",
    "team": "Wiki Llamas",
    "team_id": 1,
    "rank": 25,
    "date": "2016-07-11T00:00:04Z",
    "scores": [
      {
        "id": "16F74226-5DDF-4FE7-ADC5-72A49DA30572",
        "value": 1348
      },
      {
        "id": "9A9CB2FD-7D73-4DFE-8FDD-A97A9C7C0B0C",
        "value": 2
      },
      {
        "id": "9064DD25-2C75-48D6-88C9-7FAD18DC784D",
        "value": 0
      }
    ]
  },
  {
    "name": "Very Innovative Players",
    "id": "A8833F5D-22C5-E311-BB46-80C16E7C6D65",
    "rank": 26,
    "date": "2016-07-09T06:24:08Z",
    "scores": [
      {
        "id": "16F74226-5DDF-4FE7-ADC5-72A49DA30572",
        "value": 1348
      },
      {
        "id": "9A9CB2FD-7D73-4DFE-8FDD-A97A9C7C0B0C",
        "value": 1
      },
      {
        "id": "9064DD25-2C75-48D6-88C9-7FAD18DC784D",
        "value": 0
      }
    ]
  },
  {
    "name": "Cookie Stealing Team",
    "id": "FA635A10-20C0-4A6B-B4FE-0D337B86E814",
    "team": "Kfc Carpark",
    "team_id": 26,
    "rank": 26,
    "date": "2016-07-10T07:55:28Z",
    "scores": [
      {
        "id": "16F74226-5DDF-4FE7-ADC5-72A49DA30572",
        "value": 1348
      },
      {
        "id": "9A9CB2FD-7D73-4DFE-8FDD-A97A9C7C0B0C",
        "value": 1
      },
      {
        "id": "9064DD25-2C75-48D6-88C9-7FAD18DC784D",
        "value": 0
      }
    ]
  },
  {
    "name": "Ping Pong Posse",
    "id": "A7EF5716-B5C2-46B7-BFDC-A65F784A3981",
    "team": "Big Pimpin Spending Cheese",
    "team_id": 10,
    "rank": 26,
    "date": "2016-07-11T04:14:04Z",
    "scores": [
      {
        "id": "16F74226-5DDF-4FE7-ADC5-72A49DA30572",
        "value": 1348
      },
      {
        "id": "9A9CB2FD-7D73-4DFE-8FDD-A97A9C7C0B0C",
        "value": 1
      },
      {
        "id": "9064DD25-2C75-48D6-88C9-7FAD18DC784D",
        "value": 0
      }
    ]
  },
  {
    "name": "Clockwork Crew",
    "id": "8E1E3E4B-13D4-E411-A8E7-AC162DAE5A05",
    "team": "Mechanical Men",
    "team_id": 13,
    "rank": 26,
    "date": "2016-07-11T22:00:43Z",
    "scores": [
      {
        "id": "16F74226-5DDF-4FE7-ADC5-72A49DA30572",
        "value": 1348
      },
      {
        "id": "9A9CB2FD-7D73-4DFE-8FDD-A97A9C7C0B0C",
        "value": 1
      },
      {
        "id": "9064DD25-2C75-48D6-88C9-7FAD18DC784D",
        "value": 0
      }
    ]
  },
  {
    "name": "Cookie Stealing Team",
    "id": "FA635A10-20C0-4A6B-B4FE-0D337B86E814",
    "team": "Asian Five",
    "team_id": 30,
    "rank": 30,
    "date": "2016-07-11T10:41:22Z",
    "scores": [
      {
        "id": "16F74226-5DDF-4FE7-ADC5-72A49DA30572",
        "value": 1347
      },
      {
        "id": "9A9CB2FD-7D73-4DFE-8FDD-A97A9C7C0B0C",
        "value": 1
      },
      {
        "id": "9064DD25-2C75-48D6-88C9-7FAD18DC784D",
        "value": 0
      }
    ]
  },
  {
    "name": "Skirmishers Anonymous",
    "id": "751690A6-D573-E511-A343-AC162DAE0BED",
    "rank": 31,
    "date": "2016-07-09T23:58:51Z",
    "scores": [
      {
        "id": "16F74226-5DDF-4FE7-ADC5-72A49DA30572",
        "value": 1346
      },
      {
        "id": "9A9CB2FD-7D73-4DFE-8FDD-A97A9C7C0B0C",
        "value": 1
      },
      {
        "id": "9064DD25-2C75-48D6-88C9-7FAD18DC784D",
        "value": 0
      }
    ]
  },
  {
    "name": "Very Innovative Players",
    "id": "A8833F5D-22C5-E311-BB46-80C16E7C6D65",
    "rank": 32,
    "date": "2016-07-09T07:10:52Z",
    "scores": [
      {
        "id": "16F74226-5DDF-4FE7-ADC5-72A49DA30572",
        "value": 1346
      },
      {
        "id": "9A9CB2FD-7D73-4DFE-8FDD-A97A9C7C0B0C",
        "value": 1
      },
      {
        "id": "9064DD25-2C75-48D6-88C9-7FAD18DC784D",
        "value": 1
      }
    ]
  },
  {
    "name": "Reavers Of Grenth",
    "id": "54596F19-72C8-E411-BB46-80C16E7C6D65",
    "rank": 33,
    "date": "2016-07-11T00:00:05Z",
    "scores": [
      {
        "id": "16F74226-5DDF-4FE7-ADC5-72A49DA30572",
        "value": 1344
      },
      {
        "id": "9A9CB2FD-7D73-4DFE-8FDD-A97A9C7C0B0C",
        "value": 3
      },
      {
        "id": "9064DD25-2C75-48D6-88C9-7FAD18DC784D",
        "value": 1
      }
    ]
  },
  {
    "name": "Disciples Of The Traveler",
    "id": "A281C2E8-0B07-4A12-A415-546000EE8B42",
    "team": "Beware Of Attack Yakk",
    "team_id": 5,
    "rank": 34,
    "date": "2016-07-11T00:00:04Z",
    "scores": [
      {
        "id": "16F74226-5DDF-4FE7-ADC5-72A49DA30572",
        "value": 1343
      },
      {
        "id": "9A9CB2FD-7D73-4DFE-8FDD-A97A9C7C0B0C",
        "value": 19
      },
      {
        "id": "9064DD25-2C75-48D6-88C9-7FAD18DC784D",
        "value": 17
      }
    ]
  },
  {
    "name": "Netherfore",
    "id": "691CAF29-3F2B-E411-9621-AC162DAE8ACD",
    "rank": 35,
    "date": "2016-07-11T20:56:50Z",
    "scores": [
      {
        "id": "16F74226-5DDF-4FE7-ADC5-72A49DA30572",
        "value": 1341
      },
      {
        "id": "9A9CB2FD-7D73-4DFE-8FDD-A97A9C7C0B0C",
        "value": 1
      },
      {
        "id": "9064DD25-2C75-48D6-88C9-7FAD18DC784D",
        "value": 0
      }
    ]
  },
  {
    "name": "Dont Touch The Wild Squirrels",
    "id": "6625F449-A3FA-E411-AB13-E4115BDFC985",
    "rank": 35,
    "date": "2016-07-11T22:03:33Z",
    "scores": [
      {
        "id": "16F74226-5DDF-4FE7-ADC5-72A49DA30572",
        "value": 1341
      },
      {
        "id": "9A9CB2FD-7D73-4DFE-8FDD-A97A9C7C0B0C",
        "value": 1
      },
      {
        "id": "9064DD25-2C75-48D6-88C9-7FAD18DC784D",
        "value": 0
      }
    ]
  },
  {
    "name": "Ronin Alliance In Taiwan",
    "id": "CFE2C4FB-C9A6-45DB-B13D-26CF15E5425C",
    "team": "Guild Missionnnnnnnnnn",
    "team_id": 8,
    "rank": 37,
    "date": "2016-07-11T17:54:18Z",
    "scores": [
      {
        "id": "16F74226-5DDF-4FE7-ADC5-72A49DA30572",
        "value": 1339
      },
      {
        "id": "9A9CB2FD-7D73-4DFE-8FDD-A97A9C7C0B0C",
        "value": 1
      },
      {
        "id": "9064DD25-2C75-48D6-88C9-7FAD18DC784D",
        "value": 1
      }
    ]
  },
  {
    "name": "United Korea",
    "id": "19717982-B6E4-4320-A6F8-2A5FBDB4D961",
    "rank": 38,
    "date": "2016-07-10T16:51:54Z",
    "scores": [
      {
        "id": "16F74226-5DDF-4FE7-ADC5-72A49DA30572",
        "value": 1336
      },
      {
        "id": "9A9CB2FD-7D73-4DFE-8FDD-A97A9C7C0B0C",
        "value": 6
      },
      {
        "id": "9064DD25-2C75-48D6-88C9-7FAD18DC784D",
        "value": 2
      }
    ]
  },
  {
    "name": "Timekeepers",
    "id": "57DD320F-8AEE-48A3-8E27-3CB62638B217",
    "team": "Timekreepers Squad",
    "team_id": 8,
    "rank": 39,
    "date": "2016-07-11T05:53:09Z",
    "scores": [
      {
        "id": "16F74226-5DDF-4FE7-ADC5-72A49DA30572",
        "value": 1334
      },
      {
        "id": "9A9CB2FD-7D73-4DFE-8FDD-A97A9C7C0B0C",
        "value": 6
      },
      {
        "id": "9064DD25-2C75-48D6-88C9-7FAD18DC784D",
        "value": 1
      }
    ]
  },
  {
    "name": "Tyrian Rec Crew",
    "id": "BEE48DE8-0A3F-E611-80D4-E4115BD19D24",
    "rank": 40,
    "date": "2016-07-09T03:03:05Z",
    "scores": [
      {
        "id": "16F74226-5DDF-4FE7-ADC5-72A49DA30572",
        "value": 1334
      },
      {
        "id": "9A9CB2FD-7D73-4DFE-8FDD-A97A9C7C0B0C",
        "value": 2
      },
      {
        "id": "9064DD25-2C75-48D6-88C9-7FAD18DC784D",
        "value": 2
      }
    ]
  },
  {
    "name": "Starfleet Dental",
    "id": "036BCF20-14D8-47FE-8C4F-2C32E6759A10",
    "team": "The Asura Butt Champions",
    "team_id": 6,
    "rank": 41,
    "date": "2016-07-11T03:28:15Z",
    "scores": [
      {
        "id": "16F74226-5DDF-4FE7-ADC5-72A49DA30572",
        "value": 1334
      },
      {
        "id": "9A9CB2FD-7D73-4DFE-8FDD-A97A9C7C0B0C",
        "value": 0
      },
      {
        "id": "9064DD25-2C75-48D6-88C9-7FAD18DC784D",
        "value": 1
      }
    ]
  },
  {
    "name": "The Eternal Blades Of The North",
    "id": "6190CC9E-2A5A-4AE4-89D7-53EC19439758",
    "team": "Doe Let Us Down",
    "team_id": 9,
    "rank": 42,
    "date": "2016-07-10T03:16:13Z",
    "scores": [
      {
        "id": "16F74226-5DDF-4FE7-ADC5-72A49DA30572",
        "value": 1333
      },
      {
        "id": "9A9CB2FD-7D73-4DFE-8FDD-A97A9C7C0B0C",
        "value": 2
      },
      {
        "id": "9064DD25-2C75-48D6-88C9-7FAD18DC784D",
        "value": 2
      }
    ]
  },
  {
    "name": "Otherworld Zodiac",
    "id": "58C8544A-B12F-E411-8290-AC162DAE0BED",
    "team": "We Bring The Derp",
    "team_id": 2,
    "rank": 43,
    "date": "2016-07-11T07:57:43Z",
    "scores": [
      {
        "id": "16F74226-5DDF-4FE7-ADC5-72A49DA30572",
        "value": 1333
      },
      {
        "id": "9A9CB2FD-7D73-4DFE-8FDD-A97A9C7C0B0C",
        "value": 2
      },
      {
        "id": "9064DD25-2C75-48D6-88C9-7FAD18DC784D",
        "value": 4
      }
    ]
  },
  {
    "name": "Starfleet Dental",
    "id": "036BCF20-14D8-47FE-8C4F-2C32E6759A10",
    "rank": 44,
    "date": "2016-07-10T03:14:23Z",
    "scores": [
      {
        "id": "16F74226-5DDF-4FE7-ADC5-72A49DA30572",
        "value": 1333
      },
      {
        "id": "9A9CB2FD-7D73-4DFE-8FDD-A97A9C7C0B0C",
        "value": 0
      },
      {
        "id": "9064DD25-2C75-48D6-88C9-7FAD18DC784D",
        "value": 1
      }
    ]
  },
  {
    "name": "Starfleet Dental",
    "id": "036BCF20-14D8-47FE-8C4F-2C32E6759A10",
    "team": "Japanese Fart Pornography",
    "team_id": 26,
    "rank": 45,
    "date": "2016-07-10T01:55:01Z",
    "scores": [
      {
        "id": "16F74226-5DDF-4FE7-ADC5-72A49DA30572",
        "value": 1332
      },
      {
        "id": "9A9CB2FD-7D73-4DFE-8FDD-A97A9C7C0B0C",
        "value": 0
      },
      {
        "id": "9064DD25-2C75-48D6-88C9-7FAD18DC784D",
        "value": 1
      }
    ]
  },
  {
    "name": "Starfleet Dental",
    "id": "036BCF20-14D8-47FE-8C4F-2C32E6759A10",
    "team": "Team Leaderboard",
    "team_id": 22,
    "rank": 45,
    "date": "2016-07-10T02:20:51Z",
    "scores": [
      {
        "id": "16F74226-5DDF-4FE7-ADC5-72A49DA30572",
        "value": 1332
      },
      {
        "id": "9A9CB2FD-7D73-4DFE-8FDD-A97A9C7C0B0C",
        "value": 0
      },
      {
        "id": "9064DD25-2C75-48D6-88C9-7FAD18DC784D",
        "value": 1
      }
    ]
  },
  {
    "name": "Starfleet Dental",
    "id": "036BCF20-14D8-47FE-8C4F-2C32E6759A10",
    "team": "Team Guild Mission",
    "team_id": 23,
    "rank": 45,
    "date": "2016-07-10T02:58:24Z",
    "scores": [
      {
        "id": "16F74226-5DDF-4FE7-ADC5-72A49DA30572",
        "value": 1332
      },
      {
        "id": "9A9CB2FD-7D73-4DFE-8FDD-A97A9C7C0B0C",
        "value": 0
      },
      {
        "id": "9064DD25-2C75-48D6-88C9-7FAD18DC784D",
        "value": 1
      }
    ]
  },
  {
    "name": "Starfleet Dental",
    "id": "036BCF20-14D8-47FE-8C4F-2C32E6759A10",
    "team": "Nippon State Kawaiis",
    "team_id": 5,
    "rank": 45,
    "date": "2016-07-10T03:31:14Z",
    "scores": [
      {
        "id": "16F74226-5DDF-4FE7-ADC5-72A49DA30572",
        "value": 1332
      },
      {
        "id": "9A9CB2FD-7D73-4DFE-8FDD-A97A9C7C0B0C",
        "value": 0
      },
      {
        "id": "9064DD25-2C75-48D6-88C9-7FAD18DC784D",
        "value": 1
      }
    ]
  },
  {
    "name": "Starfleet Dental",
    "id": "036BCF20-14D8-47FE-8C4F-2C32E6759A10",
    "team": "Arus And The Aruses",
    "team_id": 2,
    "rank": 49,
    "date": "2016-07-10T02:39:34Z",
    "scores": [
      {
        "id": "16F74226-5DDF-4FE7-ADC5-72A49DA30572",
        "value": 1331
      },
      {
        "id": "9A9CB2FD-7D73-4DFE-8FDD-A97A9C7C0B0C",
        "value": 0
      },
      {
        "id": "9064DD25-2C75-48D6-88C9-7FAD18DC784D",
        "value": 1
      }
    ]
  },
  {
    "name": "Starfleet Dental",
    "id": "036BCF20-14D8-47FE-8C4F-2C32E6759A10",
    "team": "Justin Case Case Files",
    "team_id": 12,
    "rank": 49,
    "date": "2016-07-11T03:03:03Z",
    "scores": [
      {
        "id": "16F74226-5DDF-4FE7-ADC5-72A49DA30572",
        "value": 1331
      },
      {
        "id": "9A9CB2FD-7D73-4DFE-8FDD-A97A9C7C0B0C",
        "value": 0
      },
      {
        "id": "9064DD25-2C75-48D6-88C9-7FAD18DC784D",
        "value": 1
      }
    ]
  }
]