[
  {
    "id": "coffee",
    "url": "https://static.staticwars.com/quaggans/coffee.jpg"
  },
  {
    "id": "aloha",
    "url": "https://static.staticwars.com/quaggans/aloha.jpg"
  },
  {
    "id": "bear",
    "url": "https://static.staticwars.com/quaggans/bear.jpg"
  }
]