[
  {
    "name": "Crimson Dawn",
    "facts": [
      {
        "text": "Range",
        "type": "Range",
        "icon": "https://render.guildwars2.com/file/0AAB34BEB1C9F4A25EC612DDBEACF3E20B2810FA/156666.png",
        "value": 4000
      },
      {
        "text": "Recharge",
        "type": "Recharge",
        "icon": "https://render.guildwars2.com/file/D767B963D120F077C3B163A05DC05A7317D7DB70/156651.png",
        "value": 90
      }
    ],
    "description": "Blasts the platform with solar energy, damaging enemies in the area.",
    "icon": "https://render.guildwars2.com/file/1D55D34FB4EE20B1962E315245E40CA5E1042D0E/62248.png",
    "flags": [],
    "id": 39895,
    "chat_link": "[&BtebAAA=]"
  },
  {
    "name": "Annihilate",
    "facts": [
      {
        "text": "Range",
        "type": "Range",
        "icon": "https://render.guildwars2.com/file/0AAB34BEB1C9F4A25EC612DDBEACF3E20B2810FA/156666.png",
        "value": 1500
      },
      {
        "text": "Recharge",
        "type": "Recharge",
        "icon": "https://render.guildwars2.com/file/D767B963D120F077C3B163A05DC05A7317D7DB70/156651.png",
        "value": 1
      },
      {
        "text": "Number of Targets",
        "type": "Number",
        "icon": "https://render.guildwars2.com/file/BBE8191A494B0352259C10EADFDACCE177E6DA5B/1770208.png",
        "value": 10
      },
      {
        "text": "Knockback",
        "type": "Distance",
        "icon": "https://render.guildwars2.com/file/9A6A02DCA260929CD14B4A4402266006981FF51B/648509.png",
        "distance": 500
      },
      {
        "text": "Apply Buff/Condition",
        "type": "Buff",
        "icon": "https://render.guildwars2.com/file/3A394C1A0A3257EB27A44842DDEEF0DF000E1241/102850.png",
        "duration": 10,
        "status": "Vulnerability",
        "description": "Damage and condition damage taken are increased; stacks intensity.",
        "apply_count": 25
      }
    ],
    "description": "Deimos smashes the ground, knocking back players.",
    "icon": "https://render.guildwars2.com/file/1D55D34FB4EE20B1962E315245E40CA5E1042D0E/62248.png",
    "flags": [],
    "id": 37929,
    "chat_link": "[&BimUAAA=]"
  },
  {
    "name": "Spatial Surge",
    "facts": [
      {
        "text": "Range",
        "type": "Range",
        "icon": "https://render.guildwars2.com/file/0AAB34BEB1C9F4A25EC612DDBEACF3E20B2810FA/156666.png",
        "value": 1200
      },
      {
        "text": "Damage if range is less than 300",
        "type": "Damage",
        "icon": "https://render.guildwars2.com/file/61AA4919C4A7990903241B680A69530121E994C7/156657.png",
        "hit_count": 3,
        "dmg_multiplier": 0.23
      },
      {
        "text": "Damage if range is between 300-600",
        "type": "Damage",
        "icon": "https://render.guildwars2.com/file/61AA4919C4A7990903241B680A69530121E994C7/156657.png",
        "hit_count": 3,
        "dmg_multiplier": 0.265
      },
      {
        "text": "Damage if range is between 600-900",
        "type": "Damage",
        "icon": "https://render.guildwars2.com/file/61AA4919C4A7990903241B680A69530121E994C7/156657.png",
        "hit_count": 3,
        "dmg_multiplier": 0.3
      },
      {
        "text": "Damage if range is greater than 900",
        "type": "Damage",
        "icon": "https://render.guildwars2.com/file/61AA4919C4A7990903241B680A69530121E994C7/156657.png",
        "hit_count": 3,
        "dmg_multiplier": 0.335
      },
      {
        "text": "Number of Targets",
        "type": "Number",
        "icon": "https://render.guildwars2.com/file/BBE8191A494B0352259C10EADFDACCE177E6DA5B/1770208.png",
        "value": 3
      }
    ],
    "description": "Shoot a beam at your foe. The farther away they are, the more damage you deal.",
    "icon": "https://render.guildwars2.com/file/0F9E5C7DD5545290E3D41B5603FC0327EB9E6725/103615.png",
    "type": "Weapon",
    "weapon_type": "Greatsword",
    "professions": [
      "Mesmer"
    ],
    "slot": "Weapon_1",
    "flip_skill": 44241,
    "flags": [
      "NoUnderwater"
    ],
    "id": 10219,
    "chat_link": "[&BusnAAA=]"
  }
]