[
  {
    "id": 9,
    "name": "Ballista Mastery",
    "description": "Improve ballista skills",
    "icon": "https://render.guildwars2.com/file/A8976E2E0A69085CF1435E71CB805EBFC557FDA1/563938.png",
    "ranks": [
      {
        "cost": 3,
        "effect": "Skill: Antiair Bolt—Fires a projectile that knocks enemies out of the air and immobilizes."
      },
      {
        "cost": 7,
        "effect": "Increases ballista damage"
      },
      {
        "cost": 10,
        "effect": "Fires faster bolts"
      },
      {
        "cost": 15,
        "effect": "Increases ballista range"
      },
      {
        "cost": 25,
        "effect": "Increases Shatter Shot radius"
      }
    ]
  },
  {
    "id": 10,
    "name": "Arrow Cart Mastery",
    "description": "Improve arrow cart skills",
    "icon": "https://render.guildwars2.com/file/B45865C5B4955BAD3098A54CE7FAF95CD6B3A828/575721.png",
    "ranks": [
      {
        "cost": 3,
        "effect": "Increases range on all arrow cart skills"
      },
      {
        "cost": 7,
        "effect": "Increases damage on all arrow cart skills"
      },
      {
        "cost": 10,
        "effect": "Increases effectiveness of applied conditions"
      },
      {
        "cost": 15,
        "effect": "Increases radius on all arrow cart skills"
      },
      {
        "cost": 25,
        "effect": "Skill: Toxic Unveiling Shot—Removes stealth and applies poison to targets"
      }
    ]
  },
  {
    "id": 19,
    "name": "Flame Ram Mastery",
    "description": "Improve flame ram skills",
    "icon": "https://render.guildwars2.com/file/FBFE762F0D78F49014A42CB5085AD9602E4F216E/638748.png",
    "ranks": [
      {
        "cost": 3,
        "effect": "Gain Iron Hide while interacting with the flame ram"
      },
      {
        "cost": 7,
        "effect": "Flame Blast now applies Structural Vulnerability to gates"
      },
      {
        "cost": 10,
        "effect": "Reduce recharge of flame ram skills"
      },
      {
        "cost": 15,
        "effect": "Skill: Slam Impact—Launch enemies on the other side of the door"
      },
      {
        "cost": 25,
        "effect": "Skill: Iron Will—Support skill that applies Iron Hide to nearby allies"
      }
    ]
  }
]