[
  {
    "id": 1021,
    "name": "Dragonbrand",
    "population": "VeryHigh"
  },
  {
    "id": 1023,
    "name": "Devona's Rest",
    "population": "Medium"
  },
  {
    "id": 2012,
    "name": "Piken Square",
    "population": "VeryHigh"
  }
]