[
  {
    "id": 1,
    "current": 18,
    "max": 1000,
    "done": false
  },
  {
    "id": 3,
    "current": 47,
    "max": 1000,
    "done": false
  },
  {
    "id": 5,
    "current": 44,
    "max": 1000,
    "done": false
  },
  {
    "id": 6,
    "current": 23,
    "max": 1000,
    "done": false
  },
  {
    "id": 7,
    "current": 22,
    "max": 1000,
    "done": false
  },
  {
    "id": 8,
    "current": 27,
    "max": 1000,
    "done": false
  },
  {
    "id": 9,
    "current": 19,
    "max": 5000,
    "done": false
  },
  {
    "id": 10,
    "current": 31663,
    "max": 2000000,
    "done": false
  },
  {
    "id": 11,
    "current": 23,
    "max": 1000,
    "done": false
  },
  {
    "id": 12,
    "bits": [
      45,
      46,
      47,
      48,
      49,
      50,
      51,
      52,
      53,
      54,
      55,
      56,
      57,
      58,
      59,
      60,
      61,
      62,
      63,
      64,
      65,
      66,
      67,
      68,
      69,
      70,
      71,
      96,
      98,
      99,
      101,
      104,
      105,
      108,
      109,
      110,
      111,
      114,
      117,
      118,
      119,
      121
    ],
    "current": 42,
    "max": 175,
    "done": false
  },
  {
    "id": 16,
    "current": 6,
    "max": 1000,
    "done": false
  },
  {
    "id": 18,
    "current": 63,
    "max": 5000,
    "done": false
  },
  {
    "id": 19,
    "current": 102,
    "max": 5000,
    "done": false
  },
  {
    "id": 22,
    "current": 1,
    "max": 5000,
    "done": false
  },
  {
    "id": 25,
    "current": 8,
    "max": 1000,
    "done": false
  },
  {
    "id": 27,
    "current": 35,
    "max": 1000,
    "done": false
  },
  {
    "id": 28,
    "current": 3,
    "max": 1000,
    "done": false
  },
  {
    "id": 29,
    "current": 71,
    "max": 1000,
    "done": false
  },
  {
    "id": 33,
    "current": 19,
    "max": 1000,
    "done": false
  },
  {
    "id": 34,
    "current": 3,
    "max": 1000,
    "done": false
  },
  {
    "id": 35,
    "current": 8,
    "max": 1000,
    "done": false
  },
  {
    "id": 36,
    "current": 2,
    "max": 1000,
    "done": false
  },
  {
    "id": 37,
    "current": 49,
    "max": 1000,
    "done": false
  },
  {
    "id": 38,
    "current": 24,
    "max": 1000,
    "done": false
  },
  {
    "id": 41,
    "current": 2,
    "max": 1000,
    "done": false
  },
  {
    "id": 44,
    "current": 33,
    "max": 1000,
    "done": false
  },
  {
    "id": 47,
    "current": 6,
    "max": 1000,
    "done": false
  },
  {
    "id": 48,
    "current": 3,
    "max": 1000,
    "done": false
  },
  {
    "id": 52,
    "current": 18,
    "max": 1000,
    "done": false
  },
  {
    "id": 57,
    "current": 213,
    "max": 5000,
    "done": false
  },
  {
    "id": 100,
    "bits": [
      135
    ],
    "current": 1,
    "max": 175,
    "done": false
  },
  {
    "id": 101,
    "bits": [
      3,
      5,
      6,
      7,
      9,
      10,
      13,
      14,
      15,
      16,
      17,
      18,
      19,
      22,
      24,
      25,
      62
    ],
    "current": 17,
    "max": 177,
    "done": false
  },
  {
    "id": 102,
    "bits": [
      9,
      144,
      145,
      146,
      147,
      148,
      149,
      150,
      151,
      152,
      154,
      155,
      156,
      157,
      158,
      159,
      160,
      161,
      162,
      163,
      164,
      165,
      166,
      167,
      168
    ],
    "current": 25,
    "max": 167,
    "done": false
  },
  {
    "id": 127,
    "current": 15,
    "max": 500,
    "done": false
  },
  {
    "id": 128,
    "current": 1,
    "max": 100,
    "done": false
  },
  {
    "id": 134,
    "current": 28,
    "max": 500,
    "done": false
  },
  {
    "id": 136,
    "current": 18,
    "max": 1000,
    "done": false
  },
  {
    "id": 137,
    "current": 3,
    "max": 100,
    "done": false
  },
  {
    "id": 139,
    "current": 10231,
    "max": 500000,
    "done": false
  },
  {
    "id": 140,
    "current": 3,
    "max": 500,
    "done": false
  },
  {
    "id": 152,
    "current": 0,
    "max": 0,
    "done": true
  },
  {
    "id": 153,
    "current": 2440,
    "max": 300000,
    "done": false
  },
  {
    "id": 247,
    "current": 500,
    "max": 8500,
    "done": false
  },
  {
    "id": 1567,
    "current": 32,
    "max": 1000,
    "done": false
  },
  {
    "id": 1730,
    "bits": [
      0,
      3,
      6,
      9,
      15,
      18,
      21,
      24,
      27,
      30,
      33,
      36,
      39,
      42,
      45
    ],
    "current": 15,
    "max": 51,
    "done": false
  },
  {
    "id": 1750,
    "bits": [
      15
    ],
    "current": 1,
    "max": 36,
    "done": false
  },
  {
    "id": 2999,
    "bits": [
      0
    ],
    "current": 1,
    "max": 5,
    "done": false
  },
  {
    "id": 3015,
    "bits": [
      6,
      7,
      8
    ],
    "current": 3,
    "max": 20,
    "done": false
  }
]