[
  {
    "id": 36,
    "name": "Support Ellen Kiel",
    "description": "",
    "order": 30,
    "icon": "https://render.guildwars2.com/file/BE6160536DAA6E2F06BC03507325B2CB51639B75/607412.png",
    "achievements": [
      729,
      730,
      736,
      732,
      731,
      734,
      735,
      733,
      738,
      737,
      739
    ]
  },
  {
    "id": 43,
    "name": "Clockwork Chaos",
    "description": "",
    "order": 0,
    "icon": "https://render.guildwars2.com/file/ED6940F77A75C0B7611521AB0C210DE7B611C536/625487.png",
    "achievements": [
      836,
      815,
      834,
      817,
      818,
      833,
      816,
      832,
      828,
      830,
      827,
      819,
      835,
      831,
      829,
      820
    ]
  },
  {
    "id": 57,
    "name": "A Very Merry Wintersday",
    "description": "",
    "order": 0,
    "icon": "https://render.guildwars2.com/file/C5CE0723E54B4B2F78A2E6E5496A04B54E7A65E6/602777.png",
    "achievements": [
      1248,
      1242,
      1244,
      1254,
      1246,
      1247,
      1291,
      1292,
      1293,
      1294,
      1259,
      1255,
      1256,
      1258,
      1252,
      1245,
      1251
    ]
  }
]