{
  "id": "0B595DDF-5DA2-E711-80C3-ECB1D78A5C75",
  "name": "efficiencytesting.3518",
  "age": 33780,
  "world": 2013,
  "guilds": [
    "F8CDF1E0-2D64-4D71-81E2-049B0796B7AE"
  ],
  "guild_leader": [],
  "created": "2017-09-26T01:57:00Z",
  "access": "PlayForFree",
  "commander": false,
  "fractal_level": 1,
  "daily_ap": 0,
  "monthly_ap": 0,
  "wvw_rank": 1
}
