[
  {
    "id": "22-109",
    "title": "Dead Sister",
    "description": "My sister was a Seraph. Centaurs killed her while she was out on patrol. They never recovered her body, and it has always bothered me.",
    "journal": "I've made something of myself, and the only thing I regret is that I never recovered my sister's body.",
    "question": 22,
    "races": [
      "Human"
    ]
  },
  {
    "id": "188-189",
    "title": "Fanged Dread",
    "description": "I'm a whisper in the night, eyes that glow in darkness. I stand in shadow, and my mask is the monster you fear.",
    "journal": "<br><br>I look out from behind a mask of fanged dread.<br><br>This is my story.<br>",
    "question": 188,
    "professions": [
      "Mesmer"
    ]
  },
  {
    "id": "32-142",
    "title": "The Green Knight",
    "description": "I saw a powerful knight in green armor, his face obscured. He was defeated, but did not submit; was killed, but did not die. Dare I face him in battle?",
    "journal": "<br><br>While in my Dream, I dreamed of the Green Knight, and I'm called to find him.",
    "question": 32,
    "races": [
      "Sylvari"
    ]
  }
]