[
  {
    "name": "Eff Testing Warr",
    "race": "Charr",
    "gender": "Male",
    "flags": [],
    "profession": "Warrior",
    "level": 13,
    "guild": "14762DCE-C2A4-E711-80D5-441EA14F1E44",
    "age": 24219,
    "created": "2017-09-27T02:51:00Z",
    "deaths": 9,
    "crafting": [],
    "backstory": [
      "17-94",
      "185-163",
      "16-88",
      "15-86",
      "7-53"
    ],
    "wvw_abilities": [],
    "specializations": {
      "pve": [
        null,
        null,
        null
      ],
      "pvp": [
        {
          "id": 4,
          "traits": [
            1451,
            1338,
            1437
          ]
        },
        {
          "id": 22,
          "traits": [
            1488,
            1368,
            1649
          ]
        },
        {
          "id": 51,
          "traits": [
            1413,
            1489,
            1657
          ]
        }
      ],
      "wvw": [
        null,
        null,
        null
      ]
    },
    "skills": {
      "pve": {
        "heal": 14389,
        "utilities": [
          14404,
          null,
          null
        ],
        "elite": null
      },
      "pvp": {
        "heal": 14389,
        "utilities": [
          null,
          null,
          null
        ],
        "elite": null
      },
      "wvw": {
        "heal": 14401,
        "utilities": [
          14404,
          null,
          null
        ],
        "elite": null
      }
    },
    "equipment": [
      {
        "id": 66344,
        "slot": "HelmAquatic",
        "binding": "Character",
        "bound_to": "Eff Testing Warr"
      },
      {
        "id": 6459,
        "slot": "Coat",
        "binding": "Character",
        "bound_to": "Eff Testing Warr",
        "dyes": [
          435,
          17,
          377,
          null
        ]
      },
      {
        "id": 6458,
        "slot": "Boots",
        "binding": "Character",
        "bound_to": "Eff Testing Warr",
        "dyes": [
          435,
          17,
          17,
          null
        ]
      },
      {
        "id": 6462,
        "slot": "Helm",
        "binding": "Character",
        "bound_to": "Eff Testing Warr",
        "dyes": [
          435,
          17,
          377,
          null
        ]
      },
      {
        "id": 1882,
        "slot": "Leggings"
      },
      {
        "id": 23512,
        "slot": "Accessory1",
        "binding": "Character",
        "bound_to": "Eff Testing Warr"
      },
      {
        "id": 23512,
        "slot": "Accessory2",
        "binding": "Character",
        "bound_to": "Eff Testing Warr"
      },
      {
        "id": 64669,
        "slot": "WeaponAquaticA",
        "binding": "Character",
        "bound_to": "Eff Testing Warr"
      },
      {
        "id": 64670,
        "slot": "WeaponA1",
        "binding": "Character",
        "bound_to": "Eff Testing Warr"
      },
      {
        "id": 64114,
        "slot": "Sickle",
        "binding": "Account",
        "charges": 20
      },
      {
        "id": 64101,
        "slot": "Axe",
        "binding": "Account",
        "charges": 20
      },
      {
        "id": 64115,
        "slot": "Pick",
        "binding": "Account",
        "charges": 17
      }
    ],
    "recipes": [],
    "equipment_pvp": {
      "amulet": 34,
      "rune": 21186,
      "sigils": [
        21155,
        81268,
        21150,
        21149
      ]
    },
    "training": [
      {
        "id": 76,
        "spent": 15,
        "done": false
      }
    ],
    "bags": [
      {
        "id": 8932,
        "size": 20,
        "inventory": [
          {
            "id": 33355,
            "count": 1
          },
          {
            "id": 9270,
            "count": 4
          },
          {
            "id": 9286,
            "count": 2
          },
          {
            "id": 78758,
            "count": 1,
            "binding": "Account"
          },
          {
            "id": 9310,
            "count": 2
          },
          {
            "id": 32141,
            "count": 1,
            "binding": "Character",
            "bound_to": "Eff Testing Warr"
          },
          {
            "id": 19567,
            "count": 5,
            "binding": "Character",
            "bound_to": "Eff Testing Warr"
          },
          {
            "id": 19529,
            "count": 9,
            "binding": "Character",
            "bound_to": "Eff Testing Warr"
          },
          {
            "id": 19576,
            "count": 2,
            "binding": "Character",
            "bound_to": "Eff Testing Warr"
          },
          {
            "id": 9302,
            "count": 1
          },
          {
            "id": 45175,
            "count": 4,
            "binding": "Account"
          },
          {
            "id": 19552,
            "count": 3,
            "binding": "Character",
            "bound_to": "Eff Testing Warr"
          },
          {
            "id": 28952,
            "count": 1
          },
          {
            "id": 26003,
            "count": 1
          },
          {
            "id": 27047,
            "count": 1
          },
          {
            "id": 19526,
            "count": 1,
            "binding": "Character",
            "bound_to": "Eff Testing Warr"
          },
          {
            "id": 3207,
            "count": 1
          },
          {
            "id": 28885,
            "count": 1
          },
          {
            "id": 36076,
            "count": 50
          },
          null
        ]
      },
      {
        "id": 9414,
        "size": 10,
        "inventory": [
          null,
          null,
          null,
          null,
          null,
          null,
          null,
          null,
          null,
          null
        ]
      },
      {
        "id": 9414,
        "size": 10,
        "inventory": [
          null,
          null,
          null,
          null,
          null,
          null,
          null,
          null,
          null,
          null
        ]
      }
    ]
  },
  {
    "name": "Eff Testing Ele",
    "race": "Asura",
    "gender": "Female",
    "flags": [],
    "profession": "Elementalist",
    "level": 12,
    "guild": null,
    "age": 13875,
    "created": "2017-09-26T01:59:00Z",
    "deaths": 3,
    "crafting": [],
    "backstory": [
      "12-74",
      "186-162",
      "11-72",
      "10-67",
      "7-53"
    ],
    "wvw_abilities": [],
    "specializations": {
      "pve": [
        null,
        null,
        null
      ],
      "pvp": [
        {
          "id": 31,
          "traits": [
            335,
            325,
            1510
          ]
        },
        {
          "id": 17,
          "traits": [
            348,
            364,
            362
          ]
        },
        {
          "id": 37,
          "traits": [
            253,
            257,
            238
          ]
        }
      ],
      "wvw": [
        null,
        null,
        null
      ]
    },
    "skills": {
      "pve": {
        "heal": 5569,
        "utilities": [
          5734,
          null,
          null
        ],
        "elite": null
      },
      "pvp": {
        "heal": 5503,
        "utilities": [
          null,
          null,
          null
        ],
        "elite": null
      },
      "wvw": {
        "heal": 5503,
        "utilities": [
          null,
          null,
          null
        ],
        "elite": null
      }
    },
    "equipment": [
      {
        "id": 66346,
        "slot": "HelmAquatic",
        "binding": "Character",
        "bound_to": "Eff Testing Ele"
      },
      {
        "id": 6465,
        "slot": "Coat",
        "binding": "Character",
        "bound_to": "Eff Testing Ele",
        "dyes": [
          376,
          109,
          376,
          null
        ]
      },
      {
        "id": 555,
        "slot": "Boots"
      },
      {
        "id": 2963,
        "slot": "Gloves"
      },
      {
        "id": 3359,
        "slot": "Helm"
      },
      {
        "id": 3379,
        "slot": "Leggings"
      },
      {
        "id": 64667,
        "slot": "WeaponAquaticA",
        "binding": "Character",
        "bound_to": "Eff Testing Ele"
      },
      {
        "id": 26155,
        "slot": "WeaponA1",
        "upgrades": [
          24464
        ],
        "binding": "Account"
      },
      {
        "id": 32132,
        "slot": "WeaponA2",
        "binding": "Character",
        "bound_to": "Eff Testing Ele"
      },
      {
        "id": 64114,
        "slot": "Sickle",
        "binding": "Account",
        "charges": 20
      },
      {
        "id": 64101,
        "slot": "Axe",
        "binding": "Account",
        "charges": 20
      },
      {
        "id": 64115,
        "slot": "Pick",
        "binding": "Account",
        "charges": 20
      }
    ],
    "recipes": [],
    "equipment_pvp": {
      "amulet": 20,
      "rune": 21215,
      "sigils": [
        21155,
        81268,
        21155,
        81268
      ]
    },
    "training": [
      {
        "id": 33,
        "spent": 2,
        "done": false
      },
      {
        "id": 111,
        "spent": 4,
        "done": false
      },
      {
        "id": 115,
        "spent": 2,
        "done": false
      }
    ],
    "bags": [
      {
        "id": 8932,
        "size": 20,
        "inventory": [
          {
            "id": 19552,
            "count": 10,
            "binding": "Character",
            "bound_to": "Eff Testing Ele"
          },
          {
            "id": 8941,
            "count": 1,
            "binding": "Account"
          },
          {
            "id": 19543,
            "count": 2,
            "binding": "Character",
            "bound_to": "Eff Testing Ele"
          },
          {
            "id": 2933,
            "count": 1
          },
          {
            "id": 19529,
            "count": 6,
            "binding": "Character",
            "bound_to": "Eff Testing Ele"
          },
          {
            "id": 19561,
            "count": 1,
            "binding": "Character",
            "bound_to": "Eff Testing Ele"
          },
          {
            "id": 6464,
            "count": 1,
            "dyes": [
              376,
              111,
              109,
              1
            ],
            "binding": "Character",
            "bound_to": "Eff Testing Ele"
          },
          {
            "id": 19613,
            "count": 13,
            "binding": "Character",
            "bound_to": "Eff Testing Ele"
          },
          {
            "id": 9318,
            "count": 1
          },
          {
            "id": 9326,
            "count": 3
          },
          {
            "id": 6467,
            "count": 1,
            "dyes": [
              376,
              109,
              376,
              1
            ],
            "binding": "Character",
            "bound_to": "Eff Testing Ele"
          },
          {
            "id": 19526,
            "count": 1,
            "binding": "Character",
            "bound_to": "Eff Testing Ele"
          },
          {
            "id": 64671,
            "count": 1,
            "binding": "Character",
            "bound_to": "Eff Testing Ele"
          },
          {
            "id": 28816,
            "count": 1
          },
          {
            "id": 300,
            "count": 1
          },
          {
            "id": 23038,
            "count": 1,
            "charges": 15,
            "binding": "Account"
          },
          {
            "id": 2563,
            "count": 1
          },
          {
            "id": 28472,
            "count": 1
          },
          {
            "id": 6469,
            "count": 1,
            "binding": "Character",
            "bound_to": "Eff Testing Ele"
          },
          {
            "id": 149,
            "count": 1
          }
        ]
      },
      {
        "id": 8941,
        "size": 4,
        "inventory": [
          {
            "id": 20316,
            "count": 1
          },
          {
            "id": 2979,
            "count": 1
          },
          {
            "id": 24255,
            "count": 3,
            "binding": "Character",
            "bound_to": "Eff Testing Ele"
          },
          null
        ]
      },
      {
        "id": 8941,
        "size": 4,
        "inventory": [
          {
            "id": 3227,
            "count": 1
          },
          {
            "id": 3207,
            "count": 1
          },
          {
            "id": 33345,
            "count": 1
          },
          {
            "id": 26163,
            "count": 1
          }
        ]
      }
    ]
  }
]