[
  {
    "id": 1875370244,
    "item_id": 12238,
    "price": 10000,
    "quantity": 1,
    "created": "2017-09-29T03:02:21+00:00"
  }
]