[
  {
    "id": 4488311525,
    "item_id": 9414,
    "price": 3997,
    "quantity": 2,
    "created": "2017-09-29T03:03:53+00:00",
    "purchased": "2017-09-29T03:03:53+00:00"
  },
  {
    "id": 4488306161,
    "item_id": 24278,
    "price": 5,
    "quantity": 25,
    "created": "2017-09-29T02:53:42+00:00",
    "purchased": "2017-09-29T03:00:02+00:00"
  },
  {
    "id": 4488305866,
    "item_id": 12238,
    "price": 4,
    "quantity": 2,
    "created": "2017-09-29T02:54:38+00:00",
    "purchased": "2017-09-29T02:59:50+00:00"
  },
  {
    "id": 4488305865,
    "item_id": 12238,
    "price": 5,
    "quantity": 23,
    "created": "2017-09-29T02:42:36+00:00",
    "purchased": "2017-09-29T02:59:50+00:00"
  },
  {
    "id": 4488305398,
    "item_id": 36076,
    "price": 2,
    "quantity": 50,
    "created": "2017-09-29T02:13:15+00:00",
    "purchased": "2017-09-29T02:59:32+00:00"
  }
]