[
  "0-25",
  "0-26",
  "0-200",
  "0-202",
  "0-203",
  "0-204",
  "0-205",
  "0-206",
  "0-207"
]