{
  "training": [
    {
      "id": 33,
      "spent": 2,
      "done": false
    },
    {
      "id": 111,
      "spent": 4,
      "done": false
    },
    {
      "id": 115,
      "spent": 2,
      "done": false
    }
  ]
}