[
  {
    "id": 55,
    "unlock_details": "<c=@reminder>Rewarded for finishing third in the World Tournament Series!</c>",
    "unlock_items": [
      68100
    ],
    "order": 2,
    "icon": "https://render.guildwars2.com/file/7DD1C5410301277B2B9301C6C859D470203FE3C4/924748.png",
    "name": "3rd Place World Tournament Series Finisher"
  },
  {
    "id": 41,
    "unlock_details": "<c=@reminder>This finisher is only available from the Black Lion Trading Company during limited-time sales.</c>",
    "unlock_items": [
      49165
    ],
    "order": 67,
    "icon": "https://render.guildwars2.com/file/053F5F1123F33FC30E5225B36049AD630941CE0A/780904.png",
    "name": "Mystical Dragon Finisher"
  },
  {
    "id": 69,
    "unlock_details": "<c=@reminder>Unlock this PvP rank finisher by earning rank points and increasing your PvP rank.</c>",
    "unlock_items": [
      70609
    ],
    "order": 20,
    "icon": "https://render.guildwars2.com/file/F899B45D0EFB14EF4E7DDA4BCA1E69F27C3A2238/620113.png",
    "name": "Mordrem Bear Finisher"
  }
]