[
  {
    "id": "Legend5",
    "swap": 41858,
    "heal": 45686,
    "elite": 45773,
    "utilities": [
      42949,
      40485,
      41220
    ]
  },
  {
    "id": "Legend2",
    "swap": 27659,
    "heal": 26937,
    "elite": 28406,
    "utilities": [
      29209,
      28231,
      27107
    ]
  },
  {
    "id": "Legend1",
    "swap": 28229,
    "heal": 27220,
    "elite": 27760,
    "utilities": [
      28379,
      27014,
      26644
    ]
  }
]