[
  {
    "id": 416,
    "name": "Roadblock",
    "min_level": 20,
    "max_level": 20,
    "default_floor": 1,
    "type": "Instance",
    "floors": [
      1
    ],
    "region_id": 2,
    "region_name": "Ascalon",
    "continent_id": 1,
    "continent_name": "Tyria",
    "map_rect": [
      [
        -43008,
        -27648
      ],
      [
        43008,
        27648
      ]
    ],
    "continent_rect": [
      [
        23552,
        11264
      ],
      [
        27136,
        13568
      ]
    ]
  },
  {
    "id": 20,
    "name": "Blazeridge Steppes",
    "min_level": 40,
    "max_level": 50,
    "default_floor": 1,
    "type": "Public",
    "floors": [
      1,
      3,
      2,
      0
    ],
    "region_id": 2,
    "region_name": "Ascalon",
    "continent_id": 1,
    "continent_name": "Tyria",
    "map_rect": [
      [
        -24576,
        -49152
      ],
      [
        24576,
        49152
      ]
    ],
    "continent_rect": [
      [
        29184,
        12160
      ],
      [
        31232,
        16256
      ]
    ]
  },
  {
    "id": 474,
    "name": "Whispers in the Dark",
    "min_level": 30,
    "max_level": 30,
    "default_floor": 1,
    "type": "Instance",
    "floors": [
      1
    ],
    "region_id": 1,
    "region_name": "Shiverpeak Mountains",
    "continent_id": 1,
    "continent_name": "Tyria",
    "map_rect": [
      [
        -49152,
        -24576
      ],
      [
        49152,
        24576
      ]
    ],
    "continent_rect": [
      [
        17664,
        11264
      ],
      [
        21760,
        13312
      ]
    ]
  }
]