[
  {
    "id": 4,
    "finisher_id": 4,
    "name": "Wolf",
    "icon": "https://render.guildwars2.com/file/B0920D9F3A07276854FDC4CD364AD3DDF6387061/347225.png",
    "min_rank": 30,
    "max_rank": 39,
    "levels": [
      {
        "min_rank": 30,
        "max_rank": 39,
        "points": 15000
      }
    ]
  },
  {
    "id": 7,
    "finisher_id": 7,
    "name": "Shark",
    "icon": "https://render.guildwars2.com/file/65001A2EAE08A564126CCD73AA14FB9A250B2C66/347228.png",
    "min_rank": 60,
    "max_rank": 69,
    "levels": [
      {
        "min_rank": 60,
        "max_rank": 69,
        "points": 20000
      }
    ]
  },
  {
    "id": 1,
    "finisher_id": 1,
    "name": "Rabbit",
    "icon": "https://render.guildwars2.com/file/592A4144FE1B6904CD0C69230840B8C21A0C36F7/347222.png",
    "min_rank": 1,
    "max_rank": 9,
    "levels": [
      {
        "min_rank": 1,
        "max_rank": 5,
        "points": 500
      },
      {
        "min_rank": 6,
        "max_rank": 9,
        "points": 1500
      }
    ]
  }
]