[
  {
    "id": 176,
    "name": "Veteran of the Mists",
    "achievement": 990,
    "achievements": [
      990
    ]
  },
  {
    "id": 206,
    "name": "Mist Treader",
    "achievement": 1760,
    "achievements": [
      1760
    ]
  },
  {
    "id": 70,
    "name": "Ultimate Dominator",
    "achievement": 283,
    "achievements": [
      283
    ]
  }
]