[
  {
    "id": 1021,
    "name": "Dragonbrand",
    "population": "Full"
  },
  {
    "id": 1023,
    "name": "Devona's Rest",
    "population": "High"
  },
  {
    "id": 2012,
    "name": "Piken Square",
    "population": "Full"
  }
]