[
  {
    "id": 51,
    "title": "Gold Soldier",
    "min_rank": 1770
  },
  {
    "id": 77,
    "title": "Mithril Assaulter",
    "min_rank": 4245
  },
  {
    "id": 97,
    "title": "Diamond Squire",
    "min_rank": 7945
  }
]