[
  14,
  17,
  19,
  45,
  101,
  109,
  117,
  131,
  362,
  376,
  377,
  435,
  442,
  454,
  457,
  480,
  604,
  615,
  632,
  680,
  700
]