[
  {
    "id": 183,
    "title": "Pet",
    "description": "My pet ______ fights at my side and guards my back.",
    "answers": [
      "183-171",
      "183-172",
      "183-173",
      "183-174",
      "183-175",
      "183-181",
      "183-182",
      "183-1"
    ],
    "order": 0,
    "professions": [
      "Ranger"
    ]
  },
  {
    "id": 17,
    "title": "",
    "description": "They tell me the soldier that sired me is a ______.",
    "answers": [
      "17-92",
      "17-93",
      "17-94"
    ],
    "order": 4,
    "races": [
      "Charr"
    ]
  },
  {
    "id": 30,
    "title": "Cycle Of My Birth",
    "description": "The Pale Tree awakened me during the ______.",
    "answers": [
      "30-133",
      "30-134",
      "30-135",
      "30-136"
    ],
    "order": 4,
    "races": [
      "Sylvari"
    ]
  }
]