[
  {
    "id": 187,
    "layers": [
      "https://render.guildwars2.com/file/9D4DF26B21C93211922ED0360CED4EE204CBB52E/1301316.png",
      "https://render.guildwars2.com/file/0C1C26265091BADD3AE3DA1DBEE956B6355FCB52/1301486.png",
      "https://render.guildwars2.com/file/A4D8FBF34B0D0A9D117F23575F1490D2F31E0AC2/1301488.png"
    ]
  },
  {
    "id": 107,
    "layers": [
      "https://render.guildwars2.com/file/39A228A2D4AC01A76A9E2EC2AA9B62C1A5C62556/455089.png",
      "https://render.guildwars2.com/file/919D1C164C0C9CEF426EB64B7DA7B778EC4A3374/455091.png",
      "https://render.guildwars2.com/file/6BC8D7B30D0E715D430A02015AC40244E055C207/455093.png"
    ]
  },
  {
    "id": 235,
    "layers": [
      "https://render.guildwars2.com/file/A045F306D71A94CC24C3FF74D4BA4BD003A8A846/1322446.png",
      "https://render.guildwars2.com/file/6C255A0DA6B8C908946306F34668601F247A5AAC/1322467.png",
      "https://render.guildwars2.com/file/2BB972FB95714331B779690202530D040CFDFE0A/1322469.png"
    ]
  }
]