[
  {
    "id": 1,
    "members": [],
    "name": "Tblpnhgmkglxqtvwqjhwidpguvmmju",
    "state": "Active",
    "aggregate": {
      "wins": 0,
      "losses": 0,
      "desertions": 0,
      "byes": 0,
      "forfeits": 0
    },
    "ladders": {},
    "games": []
  },
  {
    "id": 2,
    "members": [],
    "name": "Ucdexlhlgjfaqcbdelpixhstxicaqv",
    "state": "Active",
    "aggregate": {
      "wins": 0,
      "losses": 0,
      "desertions": 0,
      "byes": 0,
      "forfeits": 0
    },
    "ladders": {},
    "games": []
  },
  {
    "id": 3,
    "members": [],
    "name": "Ufhzhpfrknrkyrebtqpjktdmjogkfd",
    "state": "Active",
    "aggregate": {
      "wins": 0,
      "losses": 0,
      "desertions": 0,
      "byes": 0,
      "forfeits": 0
    },
    "ladders": {},
    "games": []
  }
]