[
  {
    "name": "efficiencytesting.3518",
    "rank": "Leader",
    "joined": "2017-09-29T03:03:46.000Z"
  }
]