[
  {
    "id": 1087,
    "name": "",
    "attributes": {
      "Toughness": 0,
      "Vitality": 0,
      "ConditionDamage": 0,
      "ConditionDuration": 0
    }
  },
  {
    "id": 501,
    "name": "",
    "attributes": {
      "Power": 0,
      "Precision": 0,
      "ConditionDamage": 0
    }
  },
  {
    "id": 1078,
    "name": "Rampager's",
    "attributes": {
      "Power": 0.25,
      "Precision": 0.35,
      "ConditionDamage": 0.25
    }
  }
]