[
  {
    "id": 24,
    "name": "Monk's Outfit",
    "icon": "https://render.guildwars2.com/file/A501B02227ABE1D952BA9368A5D770375B9C6C75/1011714.png",
    "unlock_items": [
      69863
    ]
  },
  {
    "id": 31,
    "name": "Bandit Sniper's Outfit",
    "icon": "https://render.guildwars2.com/file/E14849EC6EFF53DD5D9D467F51C6A7A608D9216C/1302477.png",
    "unlock_items": [
      77282
    ]
  },
  {
    "id": 42,
    "name": "Mursaat Robes",
    "icon": "https://render.guildwars2.com/file/1EA4E44EAB95F36EA5B9420121332D0B9EF6D010/1493906.png",
    "unlock_items": [
      79531
    ]
  }
]