[
  {
    "id": "Asura",
    "name": "Asura",
    "skills": [
      12320,
      12319,
      12318,
      12324,
      12323,
      12325,
      10800
    ]
  },
  {
    "id": "Human",
    "name": "Human",
    "skills": [
      12360,
      12361,
      12362,
      12363,
      12367,
      12373,
      10800
    ]
  },
  {
    "id": "Sylvari",
    "name": "Sylvari",
    "skills": [
      12440,
      12453,
      12456,
      12450,
      12447,
      12457,
      10800
    ]
  }
]